
> vbro@0.0.0 build
> vite build

[36mvite v5.4.9 [32mbuilding for production...[36m[39m
transforming...
node.exe : 
Browserslist: 
caniuse-lite is 
outdated. Please run:
At line:1 char:1
+ & "C:\Program 
Files\nodejs/node.exe" 
"C:\Users\isahi\AppData
\Roaming\ ...
+ ~~~~~~~~~~~~~~~~~~~~~
~~~~~~~~~~~~~~~~~~~~~~~
~~~~~~~~~~~~~~~~~~~~~~~
~~
    + CategoryInfo     
         : NotSpecifi  
  ed: (Browserslist:   
  c...ed. Please ru    
n::String) [], Rem    
oteException
    + FullyQualifiedEr 
   rorId : NativeComm  
  andError
 
  npx update-browsersli
st-db@latest
  Why you should do it 
regularly: https://gith
ub.com/browserslist/upd
ate-db#readme
[32mΓ£ô[39m 3 modules transformed.
[31mx[39m Build 
failed in 841ms
[31merror during 
build:
[31m[vite:esbuild] 
Transform failed with 
2 errors:
C:/mental health web/Me
ntalHealthWebsite/front
end/src/App.jsx:38:6: 
ERROR: The symbol 
"ProtectedRoute" has 
already been declared
C:/mental health web/Me
ntalHealthWebsite/front
end/src/App.jsx:44:6: 
ERROR: The symbol 
"PublicRoute" has 
already been 
declared[31m
file: [36mC:/mental 
health web/MentalHealth
Website/frontend/src/Ap
p.jsx:38:6[31m
[33m
[33mThe symbol 
"ProtectedRoute" has 
already been 
declared[33m
36 |  
37 |  // 
ProtectedRoute 
component: renders 
children only if a 
valid token exists; 
otherwise redirects to 
/login.
38 |  const 
ProtectedRoute = ({ 
children }) => {
   |        ^
39 |    const token = l
ocalStorage.getItem("jw
tToken");
40 |    return token ? 
children : <Navigate 
to="/login" replace />;

[33mThe symbol 
"PublicRoute" has 
already been 
declared[33m
42 |  
43 |  // PublicRoute 
component: if user is 
already logged in, 
redirect to /home.
44 |  const 
PublicRoute = ({ 
children }) => {
   |        ^
45 |    const token = l
ocalStorage.getItem("jw
tToken");
46 |    return token ? 
<Navigate to="/home" 
replace /> : children;
[31m
    at 
failureErrorWithLog 
(C:\mental health web\M
entalHealthWebsite\fron
tend\node_modules\esbui
ld\lib\main.js:1472:15)
    at C:\mental 
health web\MentalHealth
Website\frontend\node_m
odules\esbuild\lib\main
.js:755:50
    at responseCallback
s.<computed> 
(C:\mental health web\M
entalHealthWebsite\fron
tend\node_modules\esbui
ld\lib\main.js:622:9)
    at 
handleIncomingPacket 
(C:\mental health web\M
entalHealthWebsite\fron
tend\node_modules\esbui
ld\lib\main.js:677:12)
    at 
Socket.readFromStdout 
(C:\mental health web\M
entalHealthWebsite\fron
tend\node_modules\esbui
ld\lib\main.js:600:7)
    at Socket.emit 
(node:events:518:28)
    at addChunk (node:i
nternal/streams/readabl
e:561:12)
    at readableAddChunk
PushByteMode (node:inte
rnal/streams/readable:5
12:3)
    at Readable.push (n
ode:internal/streams/re
adable:392:5)
    at 
Pipe.onStreamRead (node
:internal/stream_base_c
ommons:189:23)[39m
